------------------------------------------------------------------------------------------------------------------
      name:  <unnamed>
       log:  C:\Users\NEW USER\ps5_log.log
  log type:  text
 opened on:  23 Dec 2020, 16:44:03

. 
. use "C:\Users\NEW USER\ps5 DinD_ex.dta", clear

. 
. /*Q1*/
. ttest dfte, by(nj)

Two-sample t test with equal variances
------------------------------------------------------------------------------
   Group |     Obs        Mean    Std. Err.   Std. Dev.   [95% Conf. Interval]
---------+--------------------------------------------------------------------
       0 |      65   -2.046154    1.401921    11.30265   -4.846812    .7545045
       1 |     284    .2825704     .464082    7.820849   -.6309202    1.196061
---------+--------------------------------------------------------------------
combined |     349   -.1511461    .4606571    8.605784   -1.057168    .7548762
---------+--------------------------------------------------------------------
    diff |           -2.328724    1.178371               -4.646372   -.0110768
------------------------------------------------------------------------------
    diff = mean(0) - mean(1)                                      t =  -1.9762
Ho: diff = 0                                     degrees of freedom =      347

    Ha: diff < 0                 Ha: diff != 0                 Ha: diff > 0
 Pr(T < t) = 0.0245         Pr(|T| > |t|) = 0.0489          Pr(T > t) = 0.9755

. tab dfte, sum(nj)

            |            Summary of nj
       dfte |        Mean   Std. Dev.       Freq.
------------+------------------------------------
      -43.5 |           0           0           1
        -34 |           1           0           1
        -30 |           0           0           1
      -25.5 |           1           0           1
        -25 |           1           0           1
     -23.75 |           1           0           1
      -21.5 |           0           0           1
        -20 |   .66666667   .57735027           3
        -19 |          .5   .70710678           2
      -18.5 |           1           0           1
        -18 |   .33333333   .57735027           3
      -17.5 |   .66666667   .57735027           3
        -16 |           1           0           1
        -14 |   .66666667   .57735027           3
      -13.5 |           1           0           1
        -13 |           1           0           2
      -12.5 |           1           0           2
        -12 |           0           0           1
      -11.5 |          .5   .70710678           2
        -11 |           0           0           1
      -10.5 |           1           0           1
        -10 |           1           0           1
      -9.25 |           0           0           1
         -9 |           1           0           2
       -8.5 |   .66666667   .57735027           3
         -8 |   .66666667   .57735027           3
       -7.5 |           1           0           2
         -7 |          .5   .70710678           2
       -6.5 |   .57142857   .53452248           7
      -6.25 |           1           0           1
         -6 |          .5   .70710678           2
      -5.75 |           1           0           2
       -5.5 |           1           0           5
      -5.25 |           0           0           1
         -5 |   .85714286   .36313652          14
       -4.5 |           1           0           5
         -4 |           1           0           3
      -3.75 |           0           0           1
       -3.5 |           1           0           3
         -3 |           1           0           6
       -2.5 |   .76470588   .43723732          17
      -2.25 |           1           0           1
         -2 |           1           0           7
      -1.75 |           1           0           1
       -1.5 |           1           0          13
      -1.25 |           0           0           1
         -1 |          .9   .31622777          10
       -.75 |           1           0           1
        -.5 |   .77777778   .42779263          18
       -.25 |           1           0           1
          0 |   .86666667   .35186578          15
        .25 |           1           0           1
         .5 |   .85714286   .37796447           7
        .75 |           1           0           1
          1 |   .90909091   .30151134          11
       1.25 |           1           0           1
        1.5 |          .4   .54772256           5
       1.75 |           1           0           1
          2 |   .81818182   .40451992          11
       2.25 |           1           0           1
        2.5 |           1           0          11
       2.75 |           1           0           2
          3 |   .72727273   .46709937          11
       3.25 |   .66666667   .57735027           3
        3.5 |   .85714286   .37796447           7
          4 |   .83333333   .40824829           6
       4.25 |           1           0           2
        4.5 |   .57142857   .53452248           7
          5 |   .71428571   .48795004           7
        5.5 |   .83333333   .40824829           6
          6 |          .8    .4472136           5
       6.25 |           1           0           1
        6.5 |           1           0           5
       6.75 |           1           0           1
          7 |           1           0           4
        7.5 |          .5   .70710678           2
       7.75 |           1           0           2
          8 |           1           0           2
       8.25 |           1           0           2
        8.5 |           1           0           3
          9 |           1           0           2
        9.5 |           1           0           2
         10 |         .75          .5           4
       10.5 |         .75          .5           4
         11 |           1           0           3
      11.25 |           1           0           1
       11.5 |           1           0           2
         12 |          .5   .70710678           2
      12.75 |           1           0           1
       13.5 |           1           0           3
      13.75 |           1           0           2
         14 |           1           0           1
         15 |          .5   .70710678           2
         16 |           0           0           2
       18.5 |           1           0           2
         19 |           0           0           1
       21.5 |           1           0           1
       22.5 |           1           0           1
         23 |           1           0           1
      23.75 |           0           0           1
         26 |           1           0           1
------------+------------------------------------
      Total |   .81375358   .38986434         349

. 
. /*Q2*/
. 
. reg dfte nj

      Source |       SS           df       MS      Number of obs   =       349
-------------+----------------------------------   F(1, 347)       =      3.91
       Model |  286.841779         1  286.841779   Prob > F        =    0.0489
    Residual |  25485.8728       347  73.4463192   R-squared       =    0.0111
-------------+----------------------------------   Adj R-squared   =    0.0083
       Total |  25772.7145       348  74.0595245   Root MSE        =    8.5701

------------------------------------------------------------------------------
        dfte |      Coef.   Std. Err.      t    P>|t|     [95% Conf. Interval]
-------------+----------------------------------------------------------------
          nj |   2.328724   1.178371     1.98   0.049     .0110768    4.646372
       _cons |  -2.046154   1.062988    -1.92   0.055    -4.136864    .0445564
------------------------------------------------------------------------------

. outreg2 using PS5_minwage, excel replace ctitle("Q2a")
PS5_minwage.xml
dir : seeout

. reg dfte nj, robust

Linear regression                               Number of obs     =        349
                                                F(1, 347)         =       2.51
                                                Prob > F          =     0.1142
                                                R-squared         =     0.0111
                                                Root MSE          =     8.5701

------------------------------------------------------------------------------
             |               Robust
        dfte |      Coef.   Std. Err.      t    P>|t|     [95% Conf. Interval]
-------------+----------------------------------------------------------------
          nj |   2.328724   1.470425     1.58   0.114    -.5633425    5.220791
       _cons |  -2.046154   1.395098    -1.47   0.143    -4.790066    .6977583
------------------------------------------------------------------------------

. outreg2 using PS5_minwage, excel append ctitle("Q2b")
PS5_minwage.xml
dir : seeout

. /*Q3*/
. reg fte nj after njafter

      Source |       SS           df       MS      Number of obs   =       698
-------------+----------------------------------   F(3, 694)       =      2.09
       Model |  503.456802         3  167.818934   Prob > F        =    0.1004
    Residual |  55766.2976       694  80.3548957   R-squared       =    0.0089
-------------+----------------------------------   Adj R-squared   =    0.0047
       Total |  56269.7544       697  80.7313549   Root MSE        =    8.9641

------------------------------------------------------------------------------
         fte |      Coef.   Std. Err.      t    P>|t|     [95% Conf. Interval]
-------------+----------------------------------------------------------------
          nj |  -2.998944   1.232546    -2.43   0.015    -5.418909   -.5789781
       after |  -2.046154   1.572405    -1.30   0.194    -5.133396    1.041088
     njafter |   2.328724   1.743083     1.34   0.182    -1.093624    5.751072
       _cons |       20.3   1.111858    18.26   0.000     18.11699    22.48301
------------------------------------------------------------------------------

. outreg2 using ps5_minwage, excel append ctitle("Q3a")
ps5_minwage.xml
dir : seeout

. reg fte nj after njafter, r

Linear regression                               Number of obs     =        698
                                                F(3, 694)         =       1.32
                                                Prob > F          =     0.2682
                                                R-squared         =     0.0089
                                                Root MSE          =     8.9641

------------------------------------------------------------------------------
             |               Robust
         fte |      Coef.   Std. Err.      t    P>|t|     [95% Conf. Interval]
-------------+----------------------------------------------------------------
          nj |  -2.998944   1.591452    -1.88   0.060    -6.123581    .1256939
       after |  -2.046154   1.788875    -1.14   0.253     -5.55841    1.466103
     njafter |   2.328724   1.930761     1.21   0.228     -1.46211    6.119558
       _cons |       20.3   1.501537    13.52   0.000      17.3519     23.2481
------------------------------------------------------------------------------

. outreg2 using ps5_minwage, excel append ctitle("Q3b")
ps5_minwage.xml
dir : seeout

. 
. /*Q4*/
. 
. reg fte nj after njafter, cluster(sheet)

Linear regression                               Number of obs     =        698
                                                F(3, 348)         =       1.22
                                                Prob > F          =     0.3011
                                                R-squared         =     0.0089
                                                Root MSE          =     8.9641

                                (Std. Err. adjusted for 349 clusters in sheet)
------------------------------------------------------------------------------
             |               Robust
         fte |      Coef.   Std. Err.      t    P>|t|     [95% Conf. Interval]
-------------+----------------------------------------------------------------
          nj |  -2.998944   1.592595    -1.88   0.061    -6.131266    .1333783
       after |  -2.046154     1.3961    -1.47   0.144    -4.792009    .6997012
     njafter |   2.328724   1.471481     1.58   0.114    -.5653903    5.222839
       _cons |       20.3   1.502615    13.51   0.000     17.34465    23.25535
------------------------------------------------------------------------------

. outreg2 using ps5_minwage, excel append ctitle("Q4a")
ps5_minwage.xml
dir : seeout

. reg fte nj after njafter, r cluster (sheet)

Linear regression                               Number of obs     =        698
                                                F(3, 348)         =       1.22
                                                Prob > F          =     0.3011
                                                R-squared         =     0.0089
                                                Root MSE          =     8.9641

                                (Std. Err. adjusted for 349 clusters in sheet)
------------------------------------------------------------------------------
             |               Robust
         fte |      Coef.   Std. Err.      t    P>|t|     [95% Conf. Interval]
-------------+----------------------------------------------------------------
          nj |  -2.998944   1.592595    -1.88   0.061    -6.131266    .1333783
       after |  -2.046154     1.3961    -1.47   0.144    -4.792009    .6997012
     njafter |   2.328724   1.471481     1.58   0.114    -.5653903    5.222839
       _cons |       20.3   1.502615    13.51   0.000     17.34465    23.25535
------------------------------------------------------------------------------

. outreg2 using ps5_minwage, excel append ctitle("Q4b")
ps5_minwage.xml
dir : seeout

. 
. /*Q5*/
. 
. xtreg fte nj after njafter, fe i(sheet)
note: nj omitted because of collinearity

Fixed-effects (within) regression               Number of obs     =        698
Group variable: sheet                           Number of groups  =        349

R-sq:                                           Obs per group:
     within  = 0.0114                                         min =          2
     between = 0.0082                                         avg =        2.0
     overall = 0.0004                                         max =          2

                                                F(2,347)          =       2.01
corr(u_i, Xb)  = -0.1033                        Prob > F          =     0.1359

------------------------------------------------------------------------------
         fte |      Coef.   Std. Err.      t    P>|t|     [95% Conf. Interval]
-------------+----------------------------------------------------------------
          nj |          0  (omitted)
       after |  -2.046154   1.062988    -1.92   0.055    -4.136864    .0445564
     njafter |   2.328724   1.178371     1.98   0.049     .0110768    4.646372
       _cons |    17.8596   .3243824    55.06   0.000      17.2216     18.4976
-------------+----------------------------------------------------------------
     sigma_u |  7.9487206
     sigma_e |  6.0599637
         rho |  .63242037   (fraction of variance due to u_i)
------------------------------------------------------------------------------
F test that all u_i=0: F(348, 347) = 3.40                    Prob > F = 0.0000

. outreg2 using ps5_minwage, excel append ctitle("Q5")
ps5_minwage.xml
dir : seeout

. 
. /*Q8*/
. 
. clear

. use "C:\Users\NEW USER\ps5 safesave_slim_data.dta", clear

. gen balance_tika = loanbal if TIKA == 1
(10,955 missing values generated)

. gen balance_ge = loanbal if TIKA == 0

. gen str new = string(monthyear, "%10.0g")

. gen long datemy = date(new, "YM")
variable datemy already defined
r(110);

end of do-file

r(110);

. do "C:\Users\NEWUSE~1\AppData\Local\Temp\STD3348_000000.tmp"

. format datemy %td

. drop new

. collapse (mean) balance_tika balance_ge, by(datemy)

. graph twoway line balance_tika balance_ge datemy, tline(01feb2000, lcolor(Black) lpattern(dash)) ytitle(Mean Loa
> n Balance) title(Loan Balance)
(note:  named style Black not found in class color, default attributes used)

. graph export "PS5Graph.png", replace
(file PS5Graph.png written in PNG format)

. 
. use "C:\Users\NEW USER\ps5 safesave_slim_data.dta", clear

. keep if trend < 13
(9,245 observations deleted)

. gen tika_trend = TIKA*trend

. reg loanbal trend TIKA tika_trend
note: TIKA omitted because of collinearity
note: tika_trend omitted because of collinearity

      Source |       SS           df       MS      Number of obs   =     1,710
-------------+----------------------------------   F(1, 1708)      =    113.35
       Model |  15698354.1         1  15698354.1   Prob > F        =    0.0000
    Residual |   236552977     1,708  138497.059   R-squared       =    0.0622
-------------+----------------------------------   Adj R-squared   =    0.0617
       Total |   252251331     1,709  147601.715   Root MSE        =    372.15

------------------------------------------------------------------------------
     loanbal |      Coef.   Std. Err.      t    P>|t|     [95% Conf. Interval]
-------------+----------------------------------------------------------------
       trend |   38.38615   3.605519    10.65   0.000     31.31445    45.45785
        TIKA |          0  (omitted)
  tika_trend |          0  (omitted)
       _cons |   -113.803   34.56533    -3.29   0.001    -181.5978   -46.00814
------------------------------------------------------------------------------

. 
. use "C:\Users\NEW USER\ps5 safesave_slim_data.dta", clear

. keep if TIKA == 0
(0 observations deleted)

. gen pretr = 0
variable pretr already defined
r(110);

end of do-file

r(110);

. log close
      name:  <unnamed>
       log:  C:\Users\NEW USER\ps5_log.log
  log type:  text
 closed on:  23 Dec 2020, 16:47:54
------------------------------------------------------------------------------------------------------------------
